// Jest Snapshot v1, https://goo.gl/fbAQLP

exports[`App should match component snapshot 1`] = `
<main>
  <CategoryMenu />
  <Connect(AsideEvents) />
  <Switch>
    <Route
      component={
        Object {
          "$$typeof": Symbol(react.memo),
          "WrappedComponent": [Function],
          "compare": null,
          "displayName": "Connect(NextLaunchesContainer)",
          "type": [Function],
        }
      }
      exact={true}
      path="/"
    />
    <Route
      path="/about/:category"
      render={[Function]}
    />
    <Route
      component={[Function]}
    />
  </Switch>
</main>
`;
